[00:33:45] [main/INFO]: Starting provider: SNBT -> NBT
[00:33:45] [main/INFO]: SNBT -> NBT finished after 1 ms
[00:33:45] [main/INFO]: Starting provider: Block State Definitions
[00:33:45] [main/INFO]: Block State Definitions finished after 534 ms
[00:33:45] [main/INFO]: Starting provider: Fluid Tags
[00:33:45] [main/INFO]: Fluid Tags finished after 4 ms
[00:33:45] [main/INFO]: Starting provider: Block Tags
[00:33:45] [main/INFO]: Block Tags finished after 24 ms
[00:33:45] [main/INFO]: Starting provider: Item Tags
[00:33:45] [main/INFO]: Item Tags finished after 11 ms
[00:33:45] [main/INFO]: Starting provider: Entity Type Tags
[00:33:45] [main/INFO]: Entity Type Tags finished after 0 ms
[00:33:45] [main/INFO]: Starting provider: Recipes
[00:33:46] [main/INFO]: Recipes finished after 229 ms
[00:33:46] [main/INFO]: Starting provider: Advancements
[00:33:46] [main/INFO]: Advancements finished after 132 ms
[00:33:46] [main/INFO]: Starting provider: LootTables
[00:33:46] [main/INFO]: LootTables finished after 331 ms
[00:33:46] [main/INFO]: Starting provider: NBT to SNBT
[00:33:46] [main/INFO]: NBT to SNBT finished after 0 ms
[00:33:46] [main/INFO]: Starting provider: Block List
[00:33:46] [main/INFO]: Block List finished after 301 ms
[00:33:46] [main/INFO]: Starting provider: Registry Dump
[00:33:46] [main/INFO]: Registry Dump finished after 15 ms
[00:33:46] [main/INFO]: Starting provider: Command Syntax
[00:33:47] [main/WARN]: Ambiguity between arguments [teleport, destination] and [teleport, targets] with inputs: [Player, 0123, @e, dd12be42-52a9-4a91-a8a1-11c01849e498]
[00:33:47] [main/WARN]: Ambiguity between arguments [teleport, location] and [teleport, destination] with inputs: [0.1 -0.5 .9, 0 0 0]
[00:33:47] [main/WARN]: Ambiguity between arguments [teleport, location] and [teleport, targets] with inputs: [0.1 -0.5 .9, 0 0 0]
[00:33:47] [main/WARN]: Ambiguity between arguments [teleport, targets] and [teleport, destination] with inputs: [Player, 0123, dd12be42-52a9-4a91-a8a1-11c01849e498]
[00:33:47] [main/WARN]: Ambiguity between arguments [teleport, targets, location] and [teleport, targets, destination] with inputs: [0.1 -0.5 .9, 0 0 0]
[00:33:47] [main/INFO]: Command Syntax finished after 243 ms
[00:33:47] [main/INFO]: All providers took: 1841 ms
